[INFO] Scanning for projects...
[INFO] 
[INFO] ----------------------< group3.en:stuattendance >-----------------------
[INFO] Building stuattendance 0.0.1-SNAPSHOT
[INFO]   from pom.xml
[INFO] --------------------------------[ jar ]---------------------------------
[INFO] 
[INFO] --- clean:3.3.2:clean (default-clean) @ stuattendance ---
[INFO] Deleting C:\Users\UsER\Documents\Transversal project\Student Attendance System\stuattendance\target
[INFO] 
[INFO] --- resources:3.3.1:resources (default-resources) @ stuattendance ---
[INFO] Copying 1 resource from src\main\resources to target\classes
[INFO] Copying 2 resources from src\main\resources to target\classes
[INFO] 
[INFO] --- compiler:3.11.0:compile (default-compile) @ stuattendance ---
[INFO] Changes detected - recompiling the module! :source
[INFO] Compiling 74 source files with javac [debug release 17] to target\classes
[INFO] Annotation processing is enabled because one or more processors were found
  on the class path. A future release of javac may disable annotation processing
  unless at least one processor is specified by name (-processor), or a search
  path is specified (--processor-path, --processor-module-path), or annotation
  processing is enabled explicitly (-proc:only, -proc:full).
  Use -Xlint:-options to suppress this message.
  Use -proc:none to disable annotation processing.
[INFO] -------------------------------------------------------------
[WARNING] COMPILATION WARNING : 
[INFO] -------------------------------------------------------------
[WARNING] /C:/Users/UsER/Documents/Transversal project/Student Attendance System/stuattendance/src/main/java/group3/en/stuattendance/Justificationmanager/Model/Justification.java:[49,33] @Builder will ignore the initializing expression entirely. If you want the initializing expression to serve as default, add @Builder.Default. If it is not supposed to be settable during building, make the field final.
[WARNING] /C:/Users/UsER/Documents/Transversal project/Student Attendance System/stuattendance/src/main/java/group3/en/stuattendance/Timetablemanager/Model/Course.java:[39,26] @Builder will ignore the initializing expression entirely. If you want the initializing expression to serve as default, add @Builder.Default. If it is not supposed to be settable during building, make the field final.
[WARNING] /C:/Users/UsER/Documents/Transversal project/Student Attendance System/stuattendance/src/main/java/group3/en/stuattendance/Timetablemanager/Model/Course.java:[43,35] @Builder will ignore the initializing expression entirely. If you want the initializing expression to serve as default, add @Builder.Default. If it is not supposed to be settable during building, make the field final.
[WARNING] /C:/Users/UsER/Documents/Transversal project/Student Attendance System/stuattendance/src/main/java/group3/en/stuattendance/Institutionmanager/Model/Department.java:[47,28] @Builder will ignore the initializing expression entirely. If you want the initializing expression to serve as default, add @Builder.Default. If it is not supposed to be settable during building, make the field final.
[WARNING] /C:/Users/UsER/Documents/Transversal project/Student Attendance System/stuattendance/src/main/java/group3/en/stuattendance/Institutionmanager/Model/Institution.java:[37,23] @Builder will ignore the initializing expression entirely. If you want the initializing expression to serve as default, add @Builder.Default. If it is not supposed to be settable during building, make the field final.
[WARNING] /C:/Users/UsER/Documents/Transversal project/Student Attendance System/stuattendance/src/main/java/group3/en/stuattendance/Institutionmanager/Model/Institution.java:[41,29] @Builder will ignore the initializing expression entirely. If you want the initializing expression to serve as default, add @Builder.Default. If it is not supposed to be settable during building, make the field final.
[WARNING] /C:/Users/UsER/Documents/Transversal project/Student Attendance System/stuattendance/src/main/java/group3/en/stuattendance/Attendancemanager/Model/AttendanceRecord.java:[54,32] @Builder will ignore the initializing expression entirely. If you want the initializing expression to serve as default, add @Builder.Default. If it is not supposed to be settable during building, make the field final.
[WARNING] /C:/Users/UsER/Documents/Transversal project/Student Attendance System/stuattendance/src/main/java/group3/en/stuattendance/Notificationmanager/Model/Notification.java:[40,21] @Builder will ignore the initializing expression entirely. If you want the initializing expression to serve as default, add @Builder.Default. If it is not supposed to be settable during building, make the field final.
[WARNING] /C:/Users/UsER/Documents/Transversal project/Student Attendance System/stuattendance/src/main/java/group3/en/stuattendance/Institutionmanager/Model/Classroom.java:[40,26] @Builder will ignore the initializing expression entirely. If you want the initializing expression to serve as default, add @Builder.Default. If it is not supposed to be settable during building, make the field final.
[WARNING] /C:/Users/UsER/Documents/Transversal project/Student Attendance System/stuattendance/src/main/java/group3/en/stuattendance/Institutionmanager/Model/Classroom.java:[44,26] @Builder will ignore the initializing expression entirely. If you want the initializing expression to serve as default, add @Builder.Default. If it is not supposed to be settable during building, make the field final.
[WARNING] /C:/Users/UsER/Documents/Transversal project/Student Attendance System/stuattendance/src/main/java/group3/en/stuattendance/Timetablemanager/Model/Session.java:[67,35] @Builder will ignore the initializing expression entirely. If you want the initializing expression to serve as default, add @Builder.Default. If it is not supposed to be settable during building, make the field final.
[INFO] 11 warnings 
[INFO] -------------------------------------------------------------
[INFO] -------------------------------------------------------------
[ERROR] COMPILATION ERROR : 
[INFO] -------------------------------------------------------------
[ERROR] constructor Admin() is already defined in class group3.en.stuattendance.Usermanager.Model.Admin
[ERROR] constructor Supervisor() is already defined in class group3.en.stuattendance.Usermanager.Model.Supervisor
[ERROR] /C:/Users/UsER/Documents/Transversal project/Student Attendance System/stuattendance/src/main/java/group3/en/stuattendance/Usermanager/Model/Admin.java:[11,1] constructor Admin() is already defined in class group3.en.stuattendance.Usermanager.Model.Admin
[ERROR] /C:/Users/UsER/Documents/Transversal project/Student Attendance System/stuattendance/src/main/java/group3/en/stuattendance/Usermanager/Model/Supervisor.java:[12,1] constructor Supervisor() is already defined in class group3.en.stuattendance.Usermanager.Model.Supervisor
[INFO] 4 errors 
[INFO] -------------------------------------------------------------
[INFO] ------------------------------------------------------------------------
[INFO] BUILD FAILURE
[INFO] ------------------------------------------------------------------------
[INFO] Total time:  20.458 s
[INFO] Finished at: 2026-02-09T22:56:43+01:00
[INFO] ------------------------------------------------------------------------
[ERROR] Failed to execute goal org.apache.maven.plugins:maven-compiler-plugin:3.11.0:compile (default-compile) on project stuattendance: Compilation failure: Compilation failure: 
[ERROR] constructor Admin() is already defined in class group3.en.stuattendance.Usermanager.Model.Admin
[ERROR] constructor Supervisor() is already defined in class group3.en.stuattendance.Usermanager.Model.Supervisor
[ERROR] /C:/Users/UsER/Documents/Transversal project/Student Attendance System/stuattendance/src/main/java/group3/en/stuattendance/Usermanager/Model/Admin.java:[11,1] constructor Admin() is already defined in class group3.en.stuattendance.Usermanager.Model.Admin
[ERROR] /C:/Users/UsER/Documents/Transversal project/Student Attendance System/stuattendance/src/main/java/group3/en/stuattendance/Usermanager/Model/Supervisor.java:[12,1] constructor Supervisor() is already defined in class group3.en.stuattendance.Usermanager.Model.Supervisor
[ERROR] -> [Help 1]
[ERROR] 
[ERROR] To see the full stack trace of the errors, re-run Maven with the -e switch.
[ERROR] Re-run Maven using the -X switch to enable full debug logging.
[ERROR] 
[ERROR] For more information about the errors and possible solutions, please read the following articles:
[ERROR] [Help 1] http://cwiki.apache.org/confluence/display/MAVEN/MojoFailureException
